// Jest Snapshot v1, https://goo.gl/fbAQLP

exports[`<Menu /> matches snapshot 1`] = `ShallowWrapper {}`;
