// Jest Snapshot v1, https://goo.gl/fbAQLP

exports[`<OrderList /> matches snapshot 1`] = `ShallowWrapper {}`;
